// Vitest Snapshot v1, https://vitest.dev/guide/snapshot.html

exports[`LiquidGlassNav > matches snapshot - default state 1`] = `
<nav
  aria-label="Mac-style navigation dock"
  class="liquid-glass-nav dock-visible"
>
  <div
    class="liquid-glass-nav-container"
  >
    <a
      aria-current="page"
      aria-label="All Notes"
      class="liquid-glass-nav-item active"
      data-discover="true"
      href="/"
      style="transform: scale(1) translateY(0px);"
    >
      <div
        class="liquid-glass-nav-icon-wrapper"
      >
        <i
          aria-hidden="true"
          class="fas fa-home liquid-glass-nav-icon"
        />
      </div>
      <span
        class="liquid-glass-nav-label"
      >
        All Notes
      </span>
    </a>
    <a
      aria-label="Favorites"
      class="liquid-glass-nav-item "
      data-discover="true"
      href="/?view=favorites"
      style="transform: scale(1) translateY(0px);"
    >
      <div
        class="liquid-glass-nav-icon-wrapper"
      >
        <i
          aria-hidden="true"
          class="fas fa-heart liquid-glass-nav-icon"
        />
      </div>
      <span
        class="liquid-glass-nav-label"
      >
        Favorites
      </span>
    </a>
    <a
      aria-label="Archived"
      class="liquid-glass-nav-item "
      data-discover="true"
      href="/?view=archived"
      style="transform: scale(1) translateY(0px);"
    >
      <div
        class="liquid-glass-nav-icon-wrapper"
      >
        <i
          aria-hidden="true"
          class="fas fa-archive liquid-glass-nav-icon"
        />
      </div>
      <span
        class="liquid-glass-nav-label"
      >
        Archived
      </span>
    </a>
    <a
      aria-label="Shared With Me"
      class="liquid-glass-nav-item "
      data-discover="true"
      href="/?view=shared"
      style="transform: scale(1) translateY(0px);"
    >
      <div
        class="liquid-glass-nav-icon-wrapper"
      >
        <i
          aria-hidden="true"
          class="fas fa-share-alt liquid-glass-nav-icon"
        />
      </div>
      <span
        class="liquid-glass-nav-label"
      >
        Shared With Me
      </span>
    </a>
    <a
      aria-label="Tasks"
      class="liquid-glass-nav-item "
      data-discover="true"
      href="/tasks"
      style="transform: scale(1) translateY(0px);"
    >
      <div
        class="liquid-glass-nav-icon-wrapper"
      >
        <i
          aria-hidden="true"
          class="fas fa-tasks liquid-glass-nav-icon"
        />
      </div>
      <span
        class="liquid-glass-nav-label"
      >
        Tasks
      </span>
    </a>
    <a
      aria-label="New Note"
      class="liquid-glass-nav-item "
      data-discover="true"
      href="/notes/new"
      style="transform: scale(1) translateY(0px);"
    >
      <div
        class="liquid-glass-nav-icon-wrapper"
      >
        <i
          aria-hidden="true"
          class="fas fa-plus liquid-glass-nav-icon"
        />
      </div>
      <span
        class="liquid-glass-nav-label"
      >
        New Note
      </span>
    </a>
    <a
      aria-label="Chat"
      class="liquid-glass-nav-item "
      data-discover="true"
      href="/chat"
      style="transform: scale(1) translateY(0px);"
    >
      <div
        class="liquid-glass-nav-icon-wrapper"
      >
        <i
          aria-hidden="true"
          class="fas fa-comments liquid-glass-nav-icon"
        />
      </div>
      <span
        class="liquid-glass-nav-label"
      >
        Chat
      </span>
    </a>
    <a
      aria-label="Admin Dashboard"
      class="liquid-glass-nav-item "
      data-discover="true"
      href="/admin"
      style="transform: scale(1) translateY(0px);"
    >
      <div
        class="liquid-glass-nav-icon-wrapper"
      >
        <i
          aria-hidden="true"
          class="fas fa-users-cog liquid-glass-nav-icon"
        />
      </div>
      <span
        class="liquid-glass-nav-label"
      >
        Admin Dashboard
      </span>
    </a>
    <a
      aria-label="Profile"
      class="liquid-glass-nav-item "
      data-discover="true"
      href="/profile"
      style="transform: scale(1) translateY(0px);"
    >
      <div
        class="liquid-glass-nav-icon-wrapper"
      >
        <i
          aria-hidden="true"
          class="fas fa-user-circle liquid-glass-nav-icon"
        />
      </div>
      <span
        class="liquid-glass-nav-label"
      >
        Profile
      </span>
    </a>
    <button
      aria-label="Switch to dark mode"
      class="liquid-glass-nav-item"
      style="transform: scale(1) translateY(0px);"
      type="button"
    >
      <div
        class="liquid-glass-nav-icon-wrapper"
      >
        <i
          aria-hidden="true"
          class="fas fa-moon liquid-glass-nav-icon"
        />
      </div>
      <span
        class="liquid-glass-nav-label"
      >
        Dark Mode
      </span>
    </button>
    <button
      aria-label="Sign out"
      class="liquid-glass-nav-item"
      style="transform: scale(1) translateY(0px);"
      type="button"
    >
      <div
        class="liquid-glass-nav-icon-wrapper"
      >
        <i
          aria-hidden="true"
          class="fas fa-sign-out-alt liquid-glass-nav-icon"
        />
      </div>
      <span
        class="liquid-glass-nav-label"
      >
        Logout
      </span>
    </button>
  </div>
</nav>
`;

exports[`LiquidGlassNav > matches snapshot - with all navigation items 1`] = `
<nav
  aria-label="Mac-style navigation dock"
  class="liquid-glass-nav dock-visible"
>
  <div
    class="liquid-glass-nav-container"
  >
    <a
      aria-current="page"
      aria-label="All Notes"
      class="liquid-glass-nav-item active"
      data-discover="true"
      href="/"
      style="transform: scale(1) translateY(0px);"
    >
      <div
        class="liquid-glass-nav-icon-wrapper"
      >
        <i
          aria-hidden="true"
          class="fas fa-home liquid-glass-nav-icon"
        />
      </div>
      <span
        class="liquid-glass-nav-label"
      >
        All Notes
      </span>
    </a>
    <a
      aria-label="Favorites"
      class="liquid-glass-nav-item "
      data-discover="true"
      href="/?view=favorites"
      style="transform: scale(1) translateY(0px);"
    >
      <div
        class="liquid-glass-nav-icon-wrapper"
      >
        <i
          aria-hidden="true"
          class="fas fa-heart liquid-glass-nav-icon"
        />
      </div>
      <span
        class="liquid-glass-nav-label"
      >
        Favorites
      </span>
    </a>
    <a
      aria-label="Archived"
      class="liquid-glass-nav-item "
      data-discover="true"
      href="/?view=archived"
      style="transform: scale(1) translateY(0px);"
    >
      <div
        class="liquid-glass-nav-icon-wrapper"
      >
        <i
          aria-hidden="true"
          class="fas fa-archive liquid-glass-nav-icon"
        />
      </div>
      <span
        class="liquid-glass-nav-label"
      >
        Archived
      </span>
    </a>
    <a
      aria-label="Shared With Me"
      class="liquid-glass-nav-item "
      data-discover="true"
      href="/?view=shared"
      style="transform: scale(1) translateY(0px);"
    >
      <div
        class="liquid-glass-nav-icon-wrapper"
      >
        <i
          aria-hidden="true"
          class="fas fa-share-alt liquid-glass-nav-icon"
        />
      </div>
      <span
        class="liquid-glass-nav-label"
      >
        Shared With Me
      </span>
    </a>
    <a
      aria-label="Tasks"
      class="liquid-glass-nav-item "
      data-discover="true"
      href="/tasks"
      style="transform: scale(1) translateY(0px);"
    >
      <div
        class="liquid-glass-nav-icon-wrapper"
      >
        <i
          aria-hidden="true"
          class="fas fa-tasks liquid-glass-nav-icon"
        />
      </div>
      <span
        class="liquid-glass-nav-label"
      >
        Tasks
      </span>
    </a>
    <a
      aria-label="New Note"
      class="liquid-glass-nav-item "
      data-discover="true"
      href="/notes/new"
      style="transform: scale(1) translateY(0px);"
    >
      <div
        class="liquid-glass-nav-icon-wrapper"
      >
        <i
          aria-hidden="true"
          class="fas fa-plus liquid-glass-nav-icon"
        />
      </div>
      <span
        class="liquid-glass-nav-label"
      >
        New Note
      </span>
    </a>
    <a
      aria-label="Chat"
      class="liquid-glass-nav-item "
      data-discover="true"
      href="/chat"
      style="transform: scale(1) translateY(0px);"
    >
      <div
        class="liquid-glass-nav-icon-wrapper"
      >
        <i
          aria-hidden="true"
          class="fas fa-comments liquid-glass-nav-icon"
        />
      </div>
      <span
        class="liquid-glass-nav-label"
      >
        Chat
      </span>
    </a>
    <a
      aria-label="Admin Dashboard"
      class="liquid-glass-nav-item "
      data-discover="true"
      href="/admin"
      style="transform: scale(1) translateY(0px);"
    >
      <div
        class="liquid-glass-nav-icon-wrapper"
      >
        <i
          aria-hidden="true"
          class="fas fa-users-cog liquid-glass-nav-icon"
        />
      </div>
      <span
        class="liquid-glass-nav-label"
      >
        Admin Dashboard
      </span>
    </a>
    <a
      aria-label="Profile"
      class="liquid-glass-nav-item "
      data-discover="true"
      href="/profile"
      style="transform: scale(1) translateY(0px);"
    >
      <div
        class="liquid-glass-nav-icon-wrapper"
      >
        <i
          aria-hidden="true"
          class="fas fa-user-circle liquid-glass-nav-icon"
        />
      </div>
      <span
        class="liquid-glass-nav-label"
      >
        Profile
      </span>
    </a>
    <button
      aria-label="Switch to dark mode"
      class="liquid-glass-nav-item"
      style="transform: scale(1) translateY(0px);"
      type="button"
    >
      <div
        class="liquid-glass-nav-icon-wrapper"
      >
        <i
          aria-hidden="true"
          class="fas fa-moon liquid-glass-nav-icon"
        />
      </div>
      <span
        class="liquid-glass-nav-label"
      >
        Dark Mode
      </span>
    </button>
    <button
      aria-label="Sign out"
      class="liquid-glass-nav-item"
      style="transform: scale(1) translateY(0px);"
      type="button"
    >
      <div
        class="liquid-glass-nav-icon-wrapper"
      >
        <i
          aria-hidden="true"
          class="fas fa-sign-out-alt liquid-glass-nav-icon"
        />
      </div>
      <span
        class="liquid-glass-nav-label"
      >
        Logout
      </span>
    </button>
  </div>
</nav>
`;
