// Vitest Snapshot v1, https://vitest.dev/guide/snapshot.html

exports[`LiquidGlassNav > matches snapshot – expanded state 1`] = `
<div
  class="liquid-glass-dock-backdrop"
/>
`;

exports[`LiquidGlassNav > matches snapshot – minimized state 1`] = `
<nav
  aria-label="Mac-style navigation dock"
  class="liquid-glass-nav dock-minimized"
>
  <div
    class="liquid-glass-nav-minimized-container"
  >
    <button
      aria-label="All Notes"
      class="liquid-glass-nav-item active minimized"
      type="button"
    >
      <div
        class="liquid-glass-nav-icon-wrapper"
        style="background: linear-gradient(135deg, rgba(0, 122, 255, 0.867), rgba(0, 122, 255, 0.733)); border-color: rgba(0, 122, 255, 0.5);"
      >
        <i
          class="fas fa-home liquid-glass-nav-icon"
        />
      </div>
    </button>
  </div>
</nav>
`;
