// Vitest Snapshot v1, https://vitest.dev/guide/snapshot.html

exports[`AdminDashboardPage > matches snapshot 1`] = `
<div>
  <div
    class="container-responsive py-4 sm:py-6"
  >
    <div
      class="modern-page-header mb-6"
    >
      <div
        class="flex items-center gap-4 mb-2"
      >
        <div
          class="flex-1 min-w-0"
        >
          <div
            class="flex items-center gap-3 mb-1"
          >
            <div
              class="modern-icon-badge bg-gradient-to-br from-red-500 to-pink-600"
            >
              <i
                class="fas fa-users-cog text-white"
              />
            </div>
            <h1
              class="text-3xl sm:text-4xl font-bold text-[var(--text-primary)] truncate"
            >
              Admin Dashboard
            </h1>
          </div>
          <p
            class="text-sm sm:text-base text-[var(--text-secondary)] ml-1"
          >
            Manage users and view system statistics
          </p>
        </div>
      </div>
      <div
        class="flex flex-col sm:flex-row sm:items-center sm:justify-between gap-3"
      >
        <div
          class="flex items-center gap-3 flex-wrap"
        >
          <div
            class="modern-stat-badge bg-gradient-to-r from-blue-500/10 to-blue-600/10 border-blue-500/30 hover:from-blue-500/20 hover:to-blue-600/20 hover:border-blue-500/40 hover:scale-105 transition-all duration-200"
          >
            <div
              class="w-8 h-8 bg-gradient-to-br from-blue-500 to-blue-600 rounded-lg flex items-center justify-center shadow-md"
            >
              <i
                class="fas fa-users text-white text-sm"
              />
            </div>
            <span
              class="font-bold text-lg tabular-nums"
            >
              2
            </span>
            <span
              class="hidden sm:inline text-sm font-medium"
            >
              Total Users
            </span>
          </div>
        </div>
        <div
          class="flex flex-wrap items-center gap-2"
        >
          <a
            class="modern-btn-secondary"
            data-discover="true"
            href="/admin/audit-logs"
          >
            <i
              class="fas fa-clipboard-list mr-2"
            />
            <span
              class="hidden sm:inline"
            >
              Audit Logs
            </span>
            <span
              class="sm:hidden"
            >
              Logs
            </span>
          </a>
          <a
            class="modern-btn-secondary"
            data-discover="true"
            href="/"
          >
            <i
              class="fas fa-arrow-left mr-2"
            />
            <span
              class="hidden sm:inline"
            >
              Back to Notes
            </span>
            <span
              class="sm:hidden"
            >
              Back
            </span>
          </a>
        </div>
      </div>
    </div>
    <div
      class="responsive-grid-glass mb-6 sm:mb-8"
    >
      <div
        class="stat-card stat-card-blue"
      >
        <div
          class="flex items-center justify-between"
        >
          <div
            class="flex-1"
          >
            <p
              class="stat-card-label"
            >
              Total Users
            </p>
            <p
              class="stat-card-value"
            >
              2
            </p>
            <div
              class="stat-card-progress"
            />
          </div>
          <div
            class="stat-card-icon"
          >
            <i
              aria-hidden="true"
              class="fas fa-users"
            />
          </div>
        </div>
      </div>
      <div
        class="stat-card stat-card-green"
      >
        <div
          class="flex items-center justify-between"
        >
          <div
            class="flex-1"
          >
            <p
              class="stat-card-label"
            >
              2FA Enabled
            </p>
            <p
              class="stat-card-value"
            >
              1
            </p>
            <div
              class="stat-card-progress"
            />
          </div>
          <div
            class="stat-card-icon"
          >
            <i
              aria-hidden="true"
              class="fas fa-shield-alt"
            />
          </div>
        </div>
      </div>
      <div
        class="stat-card stat-card-purple"
      >
        <div
          class="flex items-center justify-between"
        >
          <div
            class="flex-1"
          >
            <p
              class="stat-card-label"
            >
              With Email
            </p>
            <p
              class="stat-card-value"
            >
              2
            </p>
            <div
              class="stat-card-progress"
            />
          </div>
          <div
            class="stat-card-icon"
          >
            <i
              aria-hidden="true"
              class="fas fa-envelope"
            />
          </div>
        </div>
      </div>
      <div
        class="stat-card stat-card-orange"
      >
        <div
          class="flex items-center justify-between"
        >
          <div
            class="flex-1"
          >
            <p
              class="stat-card-label"
            >
              Admins
            </p>
            <p
              class="stat-card-value"
            />
            <div
              class="stat-card-progress"
            />
          </div>
          <div
            class="stat-card-icon"
          >
            <i
              aria-hidden="true"
              class="fas fa-crown"
            />
          </div>
        </div>
      </div>
      <div
        class="stat-card stat-card-red"
      >
        <div
          class="flex items-center justify-between"
        >
          <div
            class="flex-1"
          >
            <p
              class="stat-card-label"
            >
              Locked
            </p>
            <p
              class="stat-card-value"
            />
            <div
              class="stat-card-progress"
            />
          </div>
          <div
            class="stat-card-icon"
          >
            <i
              aria-hidden="true"
              class="fas fa-lock"
            />
          </div>
        </div>
      </div>
    </div>
    <div
      class="modern-search-card p-4 sm:p-6 mb-6"
    >
      <form
        class="stack-mobile"
      >
        <div
          class="flex-1 relative"
        >
          <i
            aria-hidden="true"
            class="glass-i fas fa-search absolute left-4 top-1/2 transform -translate-y-1/2 text-[var(--text-muted)]"
          />
          <input
            class="glass-input glass-input-with-icon w-full"
            placeholder="🔍 Search by username or email..."
            type="text"
            value=""
          />
        </div>
        <div
          class="flex gap-2"
        />
      </form>
    </div>
    <div
      class="mb-4 text-[var(--text-secondary)]"
    >
      <p>
        Showing 
        <strong>
          2
        </strong>
         users
      </p>
    </div>
    <div
      class="glass-panel rounded-xl overflow-hidden"
    >
      <div
        class="overflow-x-auto"
      >
        <table
          class="w-full"
        >
          <thead
            class="bg-[var(--bg-tertiary)]"
          >
            <tr>
              <th
                class="px-4 sm:px-6 py-4 text-left text-xs font-medium text-[var(--text-secondary)] uppercase tracking-wider"
              >
                User
              </th>
              <th
                class="px-4 sm:px-6 py-4 text-left text-xs font-medium text-[var(--text-secondary)] uppercase tracking-wider hidden sm:table-cell"
              >
                Email
              </th>
              <th
                class="px-4 sm:px-6 py-4 text-left text-xs font-medium text-[var(--text-secondary)] uppercase tracking-wider hidden md:table-cell"
              >
                Status
              </th>
              <th
                class="px-4 sm:px-6 py-4 text-left text-xs font-medium text-[var(--text-secondary)] uppercase tracking-wider hidden lg:table-cell"
              >
                Created
              </th>
              <th
                class="px-4 sm:px-6 py-4 text-left text-xs font-medium text-[var(--text-secondary)] uppercase tracking-wider"
              >
                Actions
              </th>
            </tr>
          </thead>
          <tbody
            class="divide-y divide-[var(--border-color)]"
          >
            <tr
              class="hover:bg-[var(--bg-tertiary)]/50 transition-colors"
              style="margin-top: 1rem; margin-bottom: 1rem;"
            >
              <td
                class="px-4 sm:px-6 py-4"
              >
                <div
                  class="flex items-center gap-3"
                >
                  <div
                    class="w-10 h-10 bg-gradient-to-br from-blue-400 to-blue-600 rounded-full flex items-center justify-center text-white font-bold flex-shrink-0"
                  >
                    U
                  </div>
                  <div>
                    <div
                      class="text-sm font-medium text-[var(--text-primary)] flex items-center gap-2 flex-wrap"
                    >
                      user1
                    </div>
                    <div
                      class="text-xs text-[var(--text-muted)]"
                    >
                      ID: 
                      1
                    </div>
                  </div>
                </div>
              </td>
              <td
                class="px-4 sm:px-6 py-4 text-sm text-[var(--text-secondary)] hidden sm:table-cell"
              >
                user1@example.com
              </td>
              <td
                class="px-4 sm:px-6 py-4 hidden md:table-cell"
              >
                <div
                  class="flex flex-col gap-2"
                >
                  <span
                    class="status-badge badge-active"
                  >
                    <i
                      aria-hidden="true"
                      class="fas fa-check-circle"
                    />
                    Active
                  </span>
                  <span
                    class="status-badge badge-2fa"
                  >
                    <i
                      aria-hidden="true"
                      class="fas fa-shield-alt"
                    />
                    2FA
                  </span>
                </div>
              </td>
              <td
                class="px-4 sm:px-6 py-4 text-sm text-[var(--text-secondary)] hidden lg:table-cell"
              >
                1/1/2024
              </td>
              <td
                class="px-4 sm:px-6 py-4"
              >
                <div
                  class="flex flex-wrap gap-2"
                >
                  <button
                    class="action-btn action-btn-lock"
                    title="Lock user account"
                    type="button"
                  >
                    <i
                      aria-hidden="true"
                      class="fas fa-lock"
                    />
                    Lock
                  </button>
                  <button
                    class="action-btn action-btn-2fa"
                    title="Disable 2FA for account recovery"
                    type="button"
                  >
                    <i
                      aria-hidden="true"
                      class="fas fa-shield-alt"
                    />
                    Disable 2FA
                  </button>
                </div>
              </td>
            </tr>
            <tr
              class="hover:bg-[var(--bg-tertiary)]/50 transition-colors"
              style="margin-top: 1rem; margin-bottom: 1rem;"
            >
              <td
                class="px-4 sm:px-6 py-4"
              >
                <div
                  class="flex items-center gap-3"
                >
                  <div
                    class="w-10 h-10 bg-gradient-to-br from-blue-400 to-blue-600 rounded-full flex items-center justify-center text-white font-bold flex-shrink-0"
                  >
                    U
                  </div>
                  <div>
                    <div
                      class="text-sm font-medium text-[var(--text-primary)] flex items-center gap-2 flex-wrap"
                    >
                      user2
                    </div>
                    <div
                      class="text-xs text-[var(--text-muted)]"
                    >
                      ID: 
                      2
                    </div>
                  </div>
                </div>
              </td>
              <td
                class="px-4 sm:px-6 py-4 text-sm text-[var(--text-secondary)] hidden sm:table-cell"
              >
                user2@example.com
              </td>
              <td
                class="px-4 sm:px-6 py-4 hidden md:table-cell"
              >
                <div
                  class="flex flex-col gap-2"
                >
                  <span
                    class="status-badge badge-active"
                  >
                    <i
                      aria-hidden="true"
                      class="fas fa-check-circle"
                    />
                    Active
                  </span>
                </div>
              </td>
              <td
                class="px-4 sm:px-6 py-4 text-sm text-[var(--text-secondary)] hidden lg:table-cell"
              >
                1/2/2024
              </td>
              <td
                class="px-4 sm:px-6 py-4"
              >
                <div
                  class="flex flex-wrap gap-2"
                >
                  <button
                    class="action-btn action-btn-lock"
                    title="Lock user account"
                    type="button"
                  >
                    <i
                      aria-hidden="true"
                      class="fas fa-lock"
                    />
                    Lock
                  </button>
                  <button
                    class="action-btn action-btn-grant"
                    title="Grant admin privileges"
                    type="button"
                  >
                    <i
                      aria-hidden="true"
                      class="fas fa-crown"
                    />
                    Grant
                  </button>
                  <button
                    class="action-btn action-btn-delete"
                    title="Delete user account permanently"
                    type="button"
                  >
                    <i
                      aria-hidden="true"
                      class="fas fa-trash"
                    />
                    Delete
                  </button>
                </div>
              </td>
            </tr>
          </tbody>
        </table>
      </div>
    </div>
  </div>
</div>
`;
