// Vitest Snapshot v1, https://vitest.dev/guide/snapshot.html

exports[`AdminDashboardPage > matches snapshot 1`] = `
<div>
  <div
    class="p-4 sm:p-6 max-w-7xl mx-auto"
  >
    <div
      class="mb-8"
    >
      <div
        class="flex flex-col sm:flex-row sm:items-center sm:justify-between gap-4 mb-4"
      >
        <div>
          <h1
            class="text-2xl sm:text-3xl font-bold text-[var(--text-primary)] flex items-center gap-3"
          >
            <i
              aria-hidden="true"
              class="glass-i fas fa-users-cog text-blue-600"
            />
            Admin Dashboard
          </h1>
          <p
            class="text-[var(--text-secondary)] mt-2"
          >
            Manage users and view system statistics
          </p>
        </div>
        <div
          class="flex gap-2"
        >
          <a
            class="inline-flex items-center justify-center gap-2 px-4 py-2 bg-indigo-600 text-white rounded-lg hover:bg-indigo-700 transition-colors"
            data-discover="true"
            href="/admin/audit-logs"
          >
            <i
              aria-hidden="true"
              class="glass-i fas fa-clipboard-list"
            />
            <span>
              Audit Logs
            </span>
          </a>
          <a
            class="inline-flex items-center justify-center gap-2 px-4 py-2 bg-[var(--bg-tertiary)] text-[var(--text-primary)] rounded-lg hover:bg-[var(--border-color)] transition-colors"
            data-discover="true"
            href="/"
          >
            <i
              aria-hidden="true"
              class="glass-i fas fa-arrow-left"
            />
            <span>
              Back to Notes
            </span>
          </a>
        </div>
      </div>
    </div>
    <div
      class="grid grid-cols-1 sm:grid-cols-2 lg:grid-cols-5 gap-4 mb-8"
    >
      <div
        class="glass-card p-6 rounded-xl bg-gradient-to-br from-blue-500 to-blue-600 text-white"
      >
        <div
          class="flex items-center justify-between"
        >
          <div>
            <p
              class="text-blue-100 text-sm mb-2"
            >
              Total Users
            </p>
            <p
              class="text-3xl font-bold"
            >
              2
            </p>
          </div>
          <div
            class="w-12 h-12 bg-white/20 rounded-full flex items-center justify-center"
          >
            <i
              aria-hidden="true"
              class="fas fa-users text-xl"
            />
          </div>
        </div>
      </div>
      <div
        class="glass-card p-6 rounded-xl bg-gradient-to-br from-green-500 to-green-600 text-white"
      >
        <div
          class="flex items-center justify-between"
        >
          <div>
            <p
              class="text-green-100 text-sm mb-2"
            >
              2FA Enabled
            </p>
            <p
              class="text-3xl font-bold"
            >
              1
            </p>
          </div>
          <div
            class="w-12 h-12 bg-white/20 rounded-full flex items-center justify-center"
          >
            <i
              aria-hidden="true"
              class="fas fa-shield-alt text-xl"
            />
          </div>
        </div>
      </div>
      <div
        class="glass-card p-6 rounded-xl bg-gradient-to-br from-purple-500 to-purple-600 text-white"
      >
        <div
          class="flex items-center justify-between"
        >
          <div>
            <p
              class="text-purple-100 text-sm mb-2"
            >
              With Email
            </p>
            <p
              class="text-3xl font-bold"
            >
              2
            </p>
          </div>
          <div
            class="w-12 h-12 bg-white/20 rounded-full flex items-center justify-center"
          >
            <i
              aria-hidden="true"
              class="fas fa-envelope text-xl"
            />
          </div>
        </div>
      </div>
      <div
        class="glass-card p-6 rounded-xl bg-gradient-to-br from-orange-500 to-orange-600 text-white"
      >
        <div
          class="flex items-center justify-between"
        >
          <div>
            <p
              class="text-orange-100 text-sm mb-2"
            >
              Admins
            </p>
            <p
              class="text-3xl font-bold"
            />
          </div>
          <div
            class="w-12 h-12 bg-white/20 rounded-full flex items-center justify-center"
          >
            <i
              aria-hidden="true"
              class="fas fa-crown text-xl"
            />
          </div>
        </div>
      </div>
      <div
        class="glass-card p-6 rounded-xl bg-gradient-to-br from-red-500 to-red-600 text-white"
      >
        <div
          class="flex items-center justify-between"
        >
          <div>
            <p
              class="text-red-100 text-sm mb-2"
            >
              Locked
            </p>
            <p
              class="text-3xl font-bold"
            />
          </div>
          <div
            class="w-12 h-12 bg-white/20 rounded-full flex items-center justify-center"
          >
            <i
              aria-hidden="true"
              class="fas fa-lock text-xl"
            />
          </div>
        </div>
      </div>
    </div>
    <div
      class="glass-card p-4 sm:p-6 rounded-xl mb-6"
    >
      <form
        class="flex flex-col sm:flex-row gap-4"
      >
        <div
          class="flex-1 relative"
        >
          <i
            aria-hidden="true"
            class="glass-i fas fa-search absolute left-4 top-1/2 transform -translate-y-1/2 text-[var(--text-muted)]"
          />
          <input
            class="glass-input w-full pr-4 py-3 rounded-lg focus:outline-none focus:ring-2 focus:ring-blue-500"
            placeholder="Search by username or email..."
            type="text"
            value=""
          />
        </div>
        <div
          class="flex gap-2"
        >
          <button
            class="btn-apple"
            type="submit"
          >
            <i
              aria-hidden="true"
              class="glass-i fas fa-search"
            />
            <span>
              Search
            </span>
          </button>
        </div>
      </form>
    </div>
    <div
      class="mb-4 text-[var(--text-secondary)]"
    >
      <p>
        Showing 
        <strong>
          2
        </strong>
         users
      </p>
    </div>
    <div
      class="glass-card rounded-xl overflow-hidden"
    >
      <div
        class="overflow-x-auto"
      >
        <table
          class="w-full"
        >
          <thead
            class="bg-[var(--bg-tertiary)]"
          >
            <tr>
              <th
                class="px-4 sm:px-6 py-4 text-left text-xs font-medium text-[var(--text-secondary)] uppercase tracking-wider"
              >
                User
              </th>
              <th
                class="px-4 sm:px-6 py-4 text-left text-xs font-medium text-[var(--text-secondary)] uppercase tracking-wider hidden sm:table-cell"
              >
                Email
              </th>
              <th
                class="px-4 sm:px-6 py-4 text-left text-xs font-medium text-[var(--text-secondary)] uppercase tracking-wider hidden md:table-cell"
              >
                Status
              </th>
              <th
                class="px-4 sm:px-6 py-4 text-left text-xs font-medium text-[var(--text-secondary)] uppercase tracking-wider hidden lg:table-cell"
              >
                Created
              </th>
              <th
                class="px-4 sm:px-6 py-4 text-left text-xs font-medium text-[var(--text-secondary)] uppercase tracking-wider"
              >
                Actions
              </th>
            </tr>
          </thead>
          <tbody
            class="divide-y divide-[var(--border-color)]"
          >
            <tr
              class="hover:bg-[var(--bg-tertiary)]/50 transition-colors"
            >
              <td
                class="px-4 sm:px-6 py-4"
              >
                <div
                  class="flex items-center gap-3"
                >
                  <div
                    class="w-10 h-10 bg-gradient-to-br from-blue-400 to-blue-600 rounded-full flex items-center justify-center text-white font-bold flex-shrink-0"
                  >
                    U
                  </div>
                  <div>
                    <div
                      class="text-sm font-medium text-[var(--text-primary)] flex items-center gap-2 flex-wrap"
                    >
                      user1
                    </div>
                    <div
                      class="text-xs text-[var(--text-muted)]"
                    >
                      ID: 
                      1
                    </div>
                  </div>
                </div>
              </td>
              <td
                class="px-4 sm:px-6 py-4 text-sm text-[var(--text-secondary)] hidden sm:table-cell"
              >
                user1@example.com
              </td>
              <td
                class="px-4 sm:px-6 py-4 hidden md:table-cell"
              >
                <div
                  class="flex flex-col gap-1"
                >
                  <span
                    class="inline-flex items-center px-2 py-1 rounded-full text-xs font-medium bg-green-500/20 text-green-600 dark:text-green-400 w-fit"
                  >
                    <i
                      aria-hidden="true"
                      class="fas fa-check-circle mr-1"
                    />
                    Active
                  </span>
                  <span
                    class="inline-flex items-center px-2 py-1 rounded-full text-xs font-medium bg-blue-500/20 text-blue-600 dark:text-blue-400 w-fit"
                  >
                    <i
                      aria-hidden="true"
                      class="fas fa-shield-alt mr-1"
                    />
                    2FA
                  </span>
                </div>
              </td>
              <td
                class="px-4 sm:px-6 py-4 text-sm text-[var(--text-secondary)] hidden lg:table-cell"
              >
                1/1/2024
              </td>
              <td
                class="px-4 sm:px-6 py-4"
              >
                <div
                  class="flex flex-wrap gap-2"
                >
                  <button
                    class="inline-flex items-center px-3 py-1.5 text-xs font-medium rounded-lg bg-orange-500/10 text-orange-600 dark:text-orange-400 hover:bg-orange-500/20 transition-colors"
                    title="Lock user account"
                    type="button"
                  >
                    <i
                      aria-hidden="true"
                      class="fas fa-lock mr-1.5"
                    />
                    Lock
                  </button>
                  <button
                    class="inline-flex items-center px-3 py-1.5 text-xs font-medium rounded-lg bg-blue-500/10 text-blue-600 dark:text-blue-400 hover:bg-blue-500/20 transition-colors"
                    title="Disable 2FA for account recovery"
                    type="button"
                  >
                    <i
                      aria-hidden="true"
                      class="fas fa-shield-alt mr-1.5"
                    />
                    Disable 2FA
                  </button>
                </div>
              </td>
            </tr>
            <tr
              class="hover:bg-[var(--bg-tertiary)]/50 transition-colors"
            >
              <td
                class="px-4 sm:px-6 py-4"
              >
                <div
                  class="flex items-center gap-3"
                >
                  <div
                    class="w-10 h-10 bg-gradient-to-br from-blue-400 to-blue-600 rounded-full flex items-center justify-center text-white font-bold flex-shrink-0"
                  >
                    U
                  </div>
                  <div>
                    <div
                      class="text-sm font-medium text-[var(--text-primary)] flex items-center gap-2 flex-wrap"
                    >
                      user2
                    </div>
                    <div
                      class="text-xs text-[var(--text-muted)]"
                    >
                      ID: 
                      2
                    </div>
                  </div>
                </div>
              </td>
              <td
                class="px-4 sm:px-6 py-4 text-sm text-[var(--text-secondary)] hidden sm:table-cell"
              >
                user2@example.com
              </td>
              <td
                class="px-4 sm:px-6 py-4 hidden md:table-cell"
              >
                <div
                  class="flex flex-col gap-1"
                >
                  <span
                    class="inline-flex items-center px-2 py-1 rounded-full text-xs font-medium bg-green-500/20 text-green-600 dark:text-green-400 w-fit"
                  >
                    <i
                      aria-hidden="true"
                      class="fas fa-check-circle mr-1"
                    />
                    Active
                  </span>
                </div>
              </td>
              <td
                class="px-4 sm:px-6 py-4 text-sm text-[var(--text-secondary)] hidden lg:table-cell"
              >
                1/2/2024
              </td>
              <td
                class="px-4 sm:px-6 py-4"
              >
                <div
                  class="flex flex-wrap gap-2"
                >
                  <button
                    class="inline-flex items-center px-3 py-1.5 text-xs font-medium rounded-lg bg-orange-500/10 text-orange-600 dark:text-orange-400 hover:bg-orange-500/20 transition-colors"
                    title="Lock user account"
                    type="button"
                  >
                    <i
                      aria-hidden="true"
                      class="fas fa-lock mr-1.5"
                    />
                    Lock
                  </button>
                  <button
                    class="inline-flex items-center px-3 py-1.5 text-xs font-medium rounded-lg bg-purple-500/10 text-purple-600 dark:text-purple-400 hover:bg-purple-500/20 transition-colors"
                    title="Grant admin privileges"
                    type="button"
                  >
                    <i
                      aria-hidden="true"
                      class="fas fa-crown mr-1.5"
                    />
                    Grant
                  </button>
                  <button
                    class="inline-flex items-center px-3 py-1.5 text-xs font-medium rounded-lg bg-red-500/10 text-red-600 dark:text-red-400 hover:bg-red-500/20 transition-colors"
                    title="Delete user account permanently"
                    type="button"
                  >
                    <i
                      aria-hidden="true"
                      class="fas fa-trash mr-1.5"
                    />
                    Delete
                  </button>
                </div>
              </td>
            </tr>
          </tbody>
        </table>
      </div>
    </div>
  </div>
</div>
`;
