// Vitest Snapshot v1, https://vitest.dev/guide/snapshot.html

exports[`AuditLogsPage > matches snapshot - default state 1`] = `
<div>
  <div
    class="max-w-7xl mx-auto px-4 py-8"
  >
    <div
      class="mb-6"
    >
      <div
        class="flex items-center justify-between mb-4"
      >
        <div>
          <h1
            class="text-3xl font-bold text-[var(--text-primary)]"
          >
            Audit Logs
          </h1>
          <p
            class="text-[var(--text-secondary)] mt-1"
          >
            View and analyze system activity logs for compliance and security monitoring
          </p>
        </div>
        <a
          class="px-4 py-2 bg-[var(--background-secondary)] text-[var(--text-primary)] rounded hover:bg-[var(--hover-bg)] transition-colors"
          data-discover="true"
          href="/admin"
        >
          ← Back to Admin
        </a>
      </div>
    </div>
    <div
      class="responsive-grid mb-6"
    >
      <div
        class="glass-card p-4"
      >
        <div
          class="text-sm text-[var(--text-secondary)]"
        >
          Total Logs
        </div>
        <div
          class="text-2xl font-bold text-[var(--text-primary)] mt-1"
        >
          150
        </div>
      </div>
      <div
        class="glass-card p-4"
      >
        <div
          class="text-sm text-[var(--text-secondary)]"
        >
          Last 24 Hours
        </div>
        <div
          class="text-2xl font-bold text-[var(--text-primary)] mt-1"
        >
          25
        </div>
      </div>
      <div
        class="glass-card p-4"
      >
        <div
          class="text-sm text-[var(--text-secondary)]"
        >
          Most Common Action
        </div>
        <div
          class="text-xl font-bold text-[var(--text-primary)] mt-1"
        >
          view
        </div>
      </div>
      <div
        class="glass-card p-4"
      >
        <div
          class="text-sm text-[var(--text-secondary)]"
        >
          Active Users
        </div>
        <div
          class="text-2xl font-bold text-[var(--text-primary)] mt-1"
        >
          2
        </div>
      </div>
    </div>
    <div
      class="glass-panel p-4 sm:p-6 mb-6"
    >
      <h2
        class="text-lg font-semibold text-[var(--text-primary)] mb-4"
      >
        Filters
      </h2>
      <div
        class="responsive-grid"
      >
        <div>
          <label
            class="block text-sm font-medium text-[var(--text-secondary)] mb-1"
            for="filter-user-id"
          >
            User ID
          </label>
          <input
            class="glass-input"
            id="filter-user-id"
            placeholder="e.g., 42"
            type="text"
            value=""
          />
        </div>
        <div>
          <label
            class="block text-sm font-medium text-[var(--text-secondary)] mb-1"
            for="filter-entity-type"
          >
            Entity Type
          </label>
          <select
            class="glass-input"
            id="filter-entity-type"
          >
            <option
              value=""
            >
              All
            </option>
            <option
              value="note"
            >
              Note
            </option>
            <option
              value="task"
            >
              Task
            </option>
            <option
              value="user"
            >
              User
            </option>
            <option
              value="export"
            >
              Export
            </option>
          </select>
        </div>
        <div>
          <label
            class="block text-sm font-medium text-[var(--text-secondary)] mb-1"
            for="filter-action"
          >
            Action
          </label>
          <select
            class="glass-input"
            id="filter-action"
          >
            <option
              value=""
            >
              All
            </option>
            <option
              value="view"
            >
              View
            </option>
            <option
              value="create"
            >
              Create
            </option>
            <option
              value="update"
            >
              Update
            </option>
            <option
              value="delete"
            >
              Delete
            </option>
          </select>
        </div>
        <div>
          <label
            class="block text-sm font-medium text-[var(--text-secondary)] mb-1"
            for="filter-start-date"
          >
            Start Date
          </label>
          <input
            class="glass-input"
            id="filter-start-date"
            type="date"
            value=""
          />
        </div>
        <div>
          <label
            class="block text-sm font-medium text-[var(--text-secondary)] mb-1"
            for="filter-end-date"
          >
            End Date
          </label>
          <input
            class="glass-input"
            id="filter-end-date"
            type="date"
            value=""
          />
        </div>
      </div>
      <div
        class="mt-4 stack-mobile"
      >
        <div
          class="flex gap-2 flex-1"
        >
          <button
            class="btn-apple flex-1 sm:flex-initial"
            type="button"
          >
            Apply Filters
          </button>
          <button
            class="btn-secondary-glass flex-1 sm:flex-initial"
            type="button"
          >
            Clear Filters
          </button>
        </div>
        <div
          class="flex gap-2 flex-wrap"
        >
          <button
            class="btn-apple flex-1 sm:flex-initial bg-green-600 hover:bg-green-700"
            type="button"
          >
            Export CSV
          </button>
          <button
            class="btn-apple flex-1 sm:flex-initial bg-indigo-600 hover:bg-indigo-700"
            type="button"
          >
            Export JSON
          </button>
        </div>
      </div>
    </div>
    <div
      class="glass-card overflow-hidden"
    >
      <div
        class="overflow-x-auto"
      >
        <table
          class="w-full"
        >
          <thead
            class="bg-[var(--background-secondary)] border-b border-[var(--border-color)]"
          >
            <tr>
              <th
                class="px-4 py-3 text-left text-sm font-semibold text-[var(--text-primary)]"
              >
                Time
              </th>
              <th
                class="px-4 py-3 text-left text-sm font-semibold text-[var(--text-primary)]"
              >
                User
              </th>
              <th
                class="px-4 py-3 text-left text-sm font-semibold text-[var(--text-primary)]"
              >
                Action
              </th>
              <th
                class="px-4 py-3 text-left text-sm font-semibold text-[var(--text-primary)]"
              >
                Entity
              </th>
              <th
                class="px-4 py-3 text-left text-sm font-semibold text-[var(--text-primary)]"
              >
                IP Address
              </th>
              <th
                class="px-4 py-3 text-left text-sm font-semibold text-[var(--text-primary)]"
              >
                Details
              </th>
            </tr>
          </thead>
          <tbody
            class="divide-y divide-[var(--border-color)]"
          >
            <tr
              class="hover:bg-[var(--hover-bg)]"
            >
              <td
                class="px-4 py-3 text-sm text-[var(--text-secondary)]"
              >
                12/12/2024, 5:00:00 PM
              </td>
              <td
                class="px-4 py-3 text-sm"
              >
                <div
                  class="text-[var(--text-primary)] font-medium"
                >
                  testuser
                </div>
                <div
                  class="text-xs text-[var(--text-secondary)]"
                >
                  ID: 
                  1
                </div>
              </td>
              <td
                class="px-4 py-3"
              >
                <span
                  class="px-2 py-1 text-xs font-medium rounded bg-green-100 text-green-800 dark:bg-green-900 dark:text-green-200"
                >
                  create
                </span>
              </td>
              <td
                class="px-4 py-3 text-sm"
              >
                <div
                  class="text-[var(--text-primary)]"
                >
                  note
                </div>
                <div
                  class="text-xs text-[var(--text-secondary)]"
                >
                  ID: 
                  123
                </div>
              </td>
              <td
                class="px-4 py-3 text-sm text-[var(--text-secondary)] font-mono"
              >
                192.168.1.1
              </td>
              <td
                class="px-4 py-3 text-sm"
              >
                <details
                  class="cursor-pointer"
                >
                  <summary
                    class="text-blue-600 dark:text-blue-400 hover:underline"
                  >
                    View metadata
                  </summary>
                  <pre
                    class="mt-2 p-2 bg-[var(--background-secondary)] rounded text-xs overflow-x-auto"
                  >
                    {
  "title": "Test Note"
}
                  </pre>
                </details>
              </td>
            </tr>
            <tr
              class="hover:bg-[var(--hover-bg)]"
            >
              <td
                class="px-4 py-3 text-sm text-[var(--text-secondary)]"
              >
                12/12/2024, 6:00:00 PM
              </td>
              <td
                class="px-4 py-3 text-sm"
              >
                <div
                  class="text-[var(--text-primary)] font-medium"
                >
                  user2
                </div>
                <div
                  class="text-xs text-[var(--text-secondary)]"
                >
                  ID: 
                  2
                </div>
              </td>
              <td
                class="px-4 py-3"
              >
                <span
                  class="px-2 py-1 text-xs font-medium rounded bg-blue-100 text-blue-800 dark:bg-blue-900 dark:text-blue-200"
                >
                  update
                </span>
              </td>
              <td
                class="px-4 py-3 text-sm"
              >
                <div
                  class="text-[var(--text-primary)]"
                >
                  task
                </div>
                <div
                  class="text-xs text-[var(--text-secondary)]"
                >
                  ID: 
                  456
                </div>
              </td>
              <td
                class="px-4 py-3 text-sm text-[var(--text-secondary)] font-mono"
              >
                192.168.1.2
              </td>
              <td
                class="px-4 py-3 text-sm"
              >
                <details
                  class="cursor-pointer"
                >
                  <summary
                    class="text-blue-600 dark:text-blue-400 hover:underline"
                  >
                    View metadata
                  </summary>
                  <pre
                    class="mt-2 p-2 bg-[var(--background-secondary)] rounded text-xs overflow-x-auto"
                  >
                    {
  "description": true
}
                  </pre>
                </details>
              </td>
            </tr>
          </tbody>
        </table>
      </div>
    </div>
  </div>
</div>
`;
